GAS LISTING /tmp/cctYfzwy.s 			page 1


   1              		.file	"main.cpp"
   2              		.option pic
   3              		.option norelax
   4              		.text
   5              	.Ltext0:
   6              		.align	2
   7              		.globl	main
   9              	main:
  10              	.LFB0:
  11              		.file 1 "src/main.cpp"
   1:src/main.cpp  **** #include "../lib/hw.h"
   2:src/main.cpp  **** #include "../lib/console.h"
   3:src/main.cpp  **** 
   4:src/main.cpp  **** #include "../h/MemoryAllocator.h"
   5:src/main.cpp  **** #include "../h/syscall.h"
   6:src/main.cpp  **** 
   7:src/main.cpp  **** extern "C" void trap();
   8:src/main.cpp  **** extern "C" uint64 TrapHandler(uint64* savedRegisters);
   9:src/main.cpp  **** 
  10:src/main.cpp  **** int main(){
  12              		.loc 1 10 11
  13              		.cfi_startproc
  14 0000 130101FF 		addi	sp,sp,-16
  15              		.cfi_def_cfa_offset 16
  16 0004 23341100 		sd	ra,8(sp)
  17 0008 23308100 		sd	s0,0(sp)
  18              		.cfi_offset 1, -8
  19              		.cfi_offset 8, -16
  20 000c 13040101 		addi	s0,sp,16
  21              		.cfi_def_cfa 8, 0
  11:src/main.cpp  ****     MemoryAllocator::initialize();
  22              		.loc 1 11 5
  23              		.loc 1 11 32 is_stmt 0
  24 0010 97000000 		call	_ZN15MemoryAllocator10initializeEv@plt
  24      E7800000 
  25              	.LVL0:
  12:src/main.cpp  ****     asm volatile("csrw stvec, %0" : : "r"(trap));
  26              		.loc 1 12 5 is_stmt 1
  27              		.loc 1 12 49 is_stmt 0
  28 0018 97070000 		la	a5,trap
  28      83B70700 
  29              	#APP
  30              	# 12 "src/main.cpp" 1
  13              	
  14:src/main.cpp  ****     void* addr = mem_alloc(50);
  31              		csrw stvec, a5
  32              	# 0 "" 2
  33              		.loc 1 14 5 is_stmt 1
  34              		.loc 1 14 27 is_stmt 0
  35              	#NO_APP
  36 0024 13052003 		li	a0,50
  37 0028 97000000 		call	_Z9mem_allocm@plt
  37      E7800000 
  38              	.LVL1:
  15:src/main.cpp  ****     int status = mem_free(addr);
  39              		.loc 1 15 5 is_stmt 1
  40              		.loc 1 15 26 is_stmt 0
GAS LISTING /tmp/cctYfzwy.s 			page 2


  41 0030 97000000 		call	_Z8mem_freePv@plt
  41      E7800000 
  42              	.LVL2:
  16:src/main.cpp  **** 
  17:src/main.cpp  ****     if(status) {__putc('N');__putc('E');} __putc('U');__putc('S');__putc('P');__putc('E');__putc('H
  43              		.loc 1 17 5 is_stmt 1
  44 0038 631A0504 		bnez	a0,.L4
  45              	.LVL3:
  46              	.L2:
  47              		.loc 1 17 43 discriminator 3
  48              		.loc 1 17 49 is_stmt 0 discriminator 3
  49 003c 13055005 		li	a0,85
  50 0040 97000000 		call	__putc@plt
  50      E7800000 
  51              	.LVL4:
  52              		.loc 1 17 55 is_stmt 1 discriminator 3
  53              		.loc 1 17 61 is_stmt 0 discriminator 3
  54 0048 13053005 		li	a0,83
  55 004c 97000000 		call	__putc@plt
  55      E7800000 
  56              	.LVL5:
  57              		.loc 1 17 67 is_stmt 1 discriminator 3
  58              		.loc 1 17 73 is_stmt 0 discriminator 3
  59 0054 13050005 		li	a0,80
  60 0058 97000000 		call	__putc@plt
  60      E7800000 
  61              	.LVL6:
  62              		.loc 1 17 79 is_stmt 1 discriminator 3
  63              		.loc 1 17 85 is_stmt 0 discriminator 3
  64 0060 13055004 		li	a0,69
  65 0064 97000000 		call	__putc@plt
  65      E7800000 
  66              	.LVL7:
  67              		.loc 1 17 91 is_stmt 1 discriminator 3
  68              		.loc 1 17 97 is_stmt 0 discriminator 3
  69 006c 13058004 		li	a0,72
  70 0070 97000000 		call	__putc@plt
  70      E7800000 
  71              	.LVL8:
  18:src/main.cpp  **** 
  19:src/main.cpp  ****     return 0;
  72              		.loc 1 19 5 is_stmt 1 discriminator 3
  20:src/main.cpp  **** }...
  73              		.loc 1 20 1 is_stmt 0 discriminator 3
  74 0078 13050000 		li	a0,0
  75 007c 83308100 		ld	ra,8(sp)
  76              		.cfi_remember_state
  77              		.cfi_restore 1
  78 0080 03340100 		ld	s0,0(sp)
  79              		.cfi_restore 8
  80              		.cfi_def_cfa 2, 16
  81 0084 13010101 		addi	sp,sp,16
  82              		.cfi_def_cfa_offset 0
  83 0088 67800000 		jr	ra
  84              	.LVL9:
  85              	.L4:
  86              		.cfi_restore_state
GAS LISTING /tmp/cctYfzwy.s 			page 3


  17:src/main.cpp  ****     if(status) {__putc('N');__putc('E');} __putc('U');__putc('S');__putc('P');__putc('E');__putc('H
  87              		.loc 1 17 17 is_stmt 1 discriminator 1
  17:src/main.cpp  ****     if(status) {__putc('N');__putc('E');} __putc('U');__putc('S');__putc('P');__putc('E');__putc('H
  88              		.loc 1 17 23 is_stmt 0 discriminator 1
  89 008c 1305E004 		li	a0,78
  90              	.LVL10:
  91 0090 97000000 		call	__putc@plt
  91      E7800000 
  92              	.LVL11:
  17:src/main.cpp  ****     if(status) {__putc('N');__putc('E');} __putc('U');__putc('S');__putc('P');__putc('E');__putc('H
  93              		.loc 1 17 29 is_stmt 1 discriminator 1
  17:src/main.cpp  ****     if(status) {__putc('N');__putc('E');} __putc('U');__putc('S');__putc('P');__putc('E');__putc('H
  94              		.loc 1 17 35 is_stmt 0 discriminator 1
  95 0098 13055004 		li	a0,69
  96 009c 97000000 		call	__putc@plt
  96      E7800000 
  97              	.LVL12:
  98 00a4 6FF09FF9 		j	.L2
  99              		.cfi_endproc
 100              	.LFE0:
 102              	.Letext0:
 103              		.file 2 "src/../lib/hw.h"
 104              		.file 3 "src/../h/MemoryAllocator.h"
 105              		.file 4 "src/../h/syscall.h"
 106              		.file 5 "src/../lib/console.h"
GAS LISTING /tmp/cctYfzwy.s 			page 4


DEFINED SYMBOLS
                            *ABS*:0000000000000000 main.cpp
     /tmp/cctYfzwy.s:9      .text:0000000000000000 main
     /tmp/cctYfzwy.s:13     .text:0000000000000000 .L0 
     /tmp/cctYfzwy.s:14     .text:0000000000000000 .L0 
     /tmp/cctYfzwy.s:15     .text:0000000000000004 .L0 
     /tmp/cctYfzwy.s:18     .text:000000000000000c .L0 
     /tmp/cctYfzwy.s:19     .text:000000000000000c .L0 
     /tmp/cctYfzwy.s:21     .text:0000000000000010 .L0 
     /tmp/cctYfzwy.s:23     .text:0000000000000010 .L0 
     /tmp/cctYfzwy.s:24     .text:0000000000000010 .L0 
     /tmp/cctYfzwy.s:27     .text:0000000000000018 .L0 
     /tmp/cctYfzwy.s:28     .text:0000000000000018 .L0 
     /tmp/cctYfzwy.s:34     .text:0000000000000024 .L0 
     /tmp/cctYfzwy.s:36     .text:0000000000000024 .L0 
     /tmp/cctYfzwy.s:40     .text:0000000000000030 .L0 
     /tmp/cctYfzwy.s:41     .text:0000000000000030 .L0 
     /tmp/cctYfzwy.s:44     .text:0000000000000038 .L0 
     /tmp/cctYfzwy.s:48     .text:000000000000003c .L0 
     /tmp/cctYfzwy.s:49     .text:000000000000003c .L0 
     /tmp/cctYfzwy.s:53     .text:0000000000000048 .L0 
     /tmp/cctYfzwy.s:54     .text:0000000000000048 .L0 
     /tmp/cctYfzwy.s:58     .text:0000000000000054 .L0 
     /tmp/cctYfzwy.s:59     .text:0000000000000054 .L0 
     /tmp/cctYfzwy.s:63     .text:0000000000000060 .L0 
     /tmp/cctYfzwy.s:64     .text:0000000000000060 .L0 
     /tmp/cctYfzwy.s:68     .text:000000000000006c .L0 
     /tmp/cctYfzwy.s:69     .text:000000000000006c .L0 
     /tmp/cctYfzwy.s:73     .text:0000000000000078 .L0 
     /tmp/cctYfzwy.s:74     .text:0000000000000078 .L0 
     /tmp/cctYfzwy.s:76     .text:0000000000000080 .L0 
     /tmp/cctYfzwy.s:77     .text:0000000000000080 .L0 
     /tmp/cctYfzwy.s:79     .text:0000000000000084 .L0 
     /tmp/cctYfzwy.s:80     .text:0000000000000084 .L0 
     /tmp/cctYfzwy.s:82     .text:0000000000000088 .L0 
     /tmp/cctYfzwy.s:86     .text:000000000000008c .L0 
     /tmp/cctYfzwy.s:88     .text:000000000000008c .L0 
     /tmp/cctYfzwy.s:89     .text:000000000000008c .L0 
     /tmp/cctYfzwy.s:94     .text:0000000000000098 .L0 
     /tmp/cctYfzwy.s:95     .text:0000000000000098 .L0 
     /tmp/cctYfzwy.s:99     .text:00000000000000a8 .L0 
     /tmp/cctYfzwy.s:107    .text:00000000000000a8 .L0 
     /tmp/cctYfzwy.s:28     .text:0000000000000018 .L0 
     /tmp/cctYfzwy.s:85     .text:000000000000008c .L4
     /tmp/cctYfzwy.s:46     .text:000000000000003c .L2
     /tmp/cctYfzwy.s:477    .debug_abbrev:0000000000000000 .Ldebug_abbrev0
     /tmp/cctYfzwy.s:995    .debug_str:0000000000000185 .LASF32
     /tmp/cctYfzwy.s:1005   .debug_str:000000000000028a .LASF33
     /tmp/cctYfzwy.s:993    .debug_str:0000000000000155 .LASF34
     /tmp/cctYfzwy.s:5      .text:0000000000000000 .Ltext0
     /tmp/cctYfzwy.s:102    .text:00000000000000a8 .Letext0
     /tmp/cctYfzwy.s:949    .debug_line:0000000000000000 .Ldebug_line0
     /tmp/cctYfzwy.s:1007   .debug_str:0000000000000297 .LASF0
     /tmp/cctYfzwy.s:985    .debug_str:00000000000000f0 .LASF1
     /tmp/cctYfzwy.s:981    .debug_str:00000000000000d0 .LASF2
     /tmp/cctYfzwy.s:967    .debug_str:000000000000007a .LASF4
     /tmp/cctYfzwy.s:983    .debug_str:00000000000000de .LASF3
GAS LISTING /tmp/cctYfzwy.s 			page 5


     /tmp/cctYfzwy.s:959    .debug_str:000000000000003d .LASF5
     /tmp/cctYfzwy.s:953    .debug_str:000000000000000e .LASF6
     /tmp/cctYfzwy.s:977    .debug_str:00000000000000ae .LASF7
     /tmp/cctYfzwy.s:1013   .debug_str:00000000000002b1 .LASF8
     /tmp/cctYfzwy.s:965    .debug_str:000000000000006c .LASF9
     /tmp/cctYfzwy.s:1035   .debug_str:000000000000034d .LASF10
     /tmp/cctYfzwy.s:979    .debug_str:00000000000000c1 .LASF11
     /tmp/cctYfzwy.s:1025   .debug_str:000000000000031b .LASF12
     /tmp/cctYfzwy.s:1017   .debug_str:00000000000002d7 .LASF13
     /tmp/cctYfzwy.s:989    .debug_str:0000000000000130 .LASF14
     /tmp/cctYfzwy.s:971    .debug_str:000000000000008c .LASF15
     /tmp/cctYfzwy.s:1015   .debug_str:00000000000002c1 .LASF16
     /tmp/cctYfzwy.s:957    .debug_str:000000000000002d .LASF23
     /tmp/cctYfzwy.s:1027   .debug_str:000000000000032b .LASF35
     /tmp/cctYfzwy.s:1023   .debug_str:000000000000030e .LASF17
     /tmp/cctYfzwy.s:961    .debug_str:0000000000000044 .LASF18
     /tmp/cctYfzwy.s:969    .debug_str:0000000000000081 .LASF36
     /tmp/cctYfzwy.s:963    .debug_str:0000000000000049 .LASF37
     /tmp/cctYfzwy.s:1031   .debug_str:000000000000033e .LASF19
     /tmp/cctYfzwy.s:1021   .debug_str:00000000000002f0 .LASF21
     /tmp/cctYfzwy.s:1033   .debug_str:0000000000000345 .LASF20
     /tmp/cctYfzwy.s:999    .debug_str:000000000000024e .LASF22
     /tmp/cctYfzwy.s:991    .debug_str:000000000000013c .LASF24
     /tmp/cctYfzwy.s:1009   .debug_str:00000000000002a4 .LASF38
     /tmp/cctYfzwy.s:987    .debug_str:0000000000000103 .LASF39
     /tmp/cctYfzwy.s:955    .debug_str:0000000000000021 .LASF40
     /tmp/cctYfzwy.s:1003   .debug_str:000000000000027c .LASF41
     /tmp/cctYfzwy.s:997    .debug_str:0000000000000249 .LASF42
     /tmp/cctYfzwy.s:10     .text:0000000000000000 .LFB0
     /tmp/cctYfzwy.s:100    .text:00000000000000a8 .LFE0
     /tmp/cctYfzwy.s:975    .debug_str:00000000000000a9 .LASF25
     /tmp/cctYfzwy.s:918    .debug_loc:0000000000000000 .LLST0
     /tmp/cctYfzwy.s:973    .debug_str:00000000000000a2 .LASF26
     /tmp/cctYfzwy.s:925    .debug_loc:0000000000000023 .LLST1
     /tmp/cctYfzwy.s:25     .text:0000000000000018 .LVL0
     /tmp/cctYfzwy.s:38     .text:0000000000000030 .LVL1
     /tmp/cctYfzwy.s:42     .text:0000000000000038 .LVL2
     /tmp/cctYfzwy.s:51     .text:0000000000000048 .LVL4
     /tmp/cctYfzwy.s:56     .text:0000000000000054 .LVL5
     /tmp/cctYfzwy.s:61     .text:0000000000000060 .LVL6
     /tmp/cctYfzwy.s:66     .text:000000000000006c .LVL7
     /tmp/cctYfzwy.s:71     .text:0000000000000078 .LVL8
     /tmp/cctYfzwy.s:92     .text:0000000000000098 .LVL11
     /tmp/cctYfzwy.s:97     .text:00000000000000a4 .LVL12
     /tmp/cctYfzwy.s:1001   .debug_str:000000000000026e .LASF27
     /tmp/cctYfzwy.s:1029   .debug_str:0000000000000334 .LASF29
     /tmp/cctYfzwy.s:951    .debug_str:0000000000000000 .LASF28
     /tmp/cctYfzwy.s:1019   .debug_str:00000000000002e7 .LASF30
     /tmp/cctYfzwy.s:1011   .debug_str:00000000000002aa .LASF31
     /tmp/cctYfzwy.s:45     .text:000000000000003c .LVL3
     /tmp/cctYfzwy.s:84     .text:000000000000008c .LVL9
     /tmp/cctYfzwy.s:90     .text:0000000000000090 .LVL10
     /tmp/cctYfzwy.s:108    .debug_info:0000000000000000 .Ldebug_info0

UNDEFINED SYMBOLS
_ZN15MemoryAllocator10initializeEv
trap
GAS LISTING /tmp/cctYfzwy.s 			page 6


_Z9mem_allocm
_Z8mem_freePv
__putc
