GAS LISTING /tmp/ccld18zZ.s 			page 1


   1              		.file	"syscall_c.cpp"
   2              		.option pic
   3              		.option norelax
   4              		.text
   5              	.Ltext0:
   6              		.align	2
   7              		.globl	_Z9mem_allocm
   9              	_Z9mem_allocm:
  10              	.LFB0:
  11              		.file 1 "src/syscall_c.cpp"
   1:src/syscall_c.cpp **** #include "../h/syscall_c.hpp"
   2:src/syscall_c.cpp **** #include "../lib/console.h"
   3:src/syscall_c.cpp **** 
   4:src/syscall_c.cpp **** void* mem_alloc(size_t sizeInBytes){
  12              		.loc 1 4 36
  13              		.cfi_startproc
  14              	.LVL0:
  15 0000 130101FF 		addi	sp,sp,-16
  16              		.cfi_def_cfa_offset 16
  17 0004 23348100 		sd	s0,8(sp)
  18              		.cfi_offset 8, -8
  19 0008 13040101 		addi	s0,sp,16
  20              		.cfi_def_cfa 8, 0
   5:src/syscall_c.cpp ****     size_t sizeInBlocks = (sizeInBytes + MEM_BLOCK_SIZE - 1) / MEM_BLOCK_SIZE;
  21              		.loc 1 5 5
  22              		.loc 1 5 57 is_stmt 0
  23 000c 9307F503 		addi	a5,a0,63
  24              		.loc 1 5 12
  25 0010 93D76700 		srli	a5,a5,6
  26              	.LVL1:
   6:src/syscall_c.cpp ****     void* result;
  27              		.loc 1 6 5 is_stmt 1
   7:src/syscall_c.cpp **** 
   8:src/syscall_c.cpp ****     asm volatile(
  28              		.loc 1 8 5
   9:src/syscall_c.cpp ****     "li a0, 1\n"
  10:src/syscall_c.cpp ****     "mv a1, %1\n"
  11:src/syscall_c.cpp ****     "ecall\n"
  12:src/syscall_c.cpp ****     "mv %0, a0\n"
  13:src/syscall_c.cpp ****     : "=r"(result)
  14:src/syscall_c.cpp ****     : "r"(sizeInBlocks)
  15:src/syscall_c.cpp ****     : "a0", "a1"
  16:src/syscall_c.cpp ****     );
  29              		.loc 1 16 6 is_stmt 0
  30              	#APP
  31              	# 16 "src/syscall_c.cpp" 1
  17 0018 93850700 	
  18 001c 73000000 	    return result;
  19 0020 93070500 	}
  20              	
  21              	int mem_free(void* at){
  32              		li a0, 1
  33              	mv a1, a5
  34              	ecall
  35              	mv a5, a0
  36              	
  37              	# 0 "" 2
GAS LISTING /tmp/ccld18zZ.s 			page 2


  38              	.LVL2:
  18:src/syscall_c.cpp **** }
  39              		.loc 1 18 5 is_stmt 1
  19:src/syscall_c.cpp **** 
  40              		.loc 1 19 1 is_stmt 0
  41              	#NO_APP
  42 0024 13850700 		mv	a0,a5
  43 0028 03348100 		ld	s0,8(sp)
  44              		.cfi_restore 8
  45              		.cfi_def_cfa 2, 16
  46 002c 13010101 		addi	sp,sp,16
  47              		.cfi_def_cfa_offset 0
  48 0030 67800000 		jr	ra
  49              		.cfi_endproc
  50              	.LFE0:
  52              		.align	2
  53              		.globl	_Z8mem_freePv
  55              	_Z8mem_freePv:
  56              	.LFB1:
  57              		.loc 1 21 23 is_stmt 1
  58              		.cfi_startproc
  59              	.LVL3:
  60 0034 130101FF 		addi	sp,sp,-16
  61              		.cfi_def_cfa_offset 16
  62 0038 23348100 		sd	s0,8(sp)
  63              		.cfi_offset 8, -8
  64 003c 13040101 		addi	s0,sp,16
  65              		.cfi_def_cfa 8, 0
  66 0040 93070500 		mv	a5,a0
  22:src/syscall_c.cpp ****     int status;
  67              		.loc 1 22 5
  23:src/syscall_c.cpp **** 
  24:src/syscall_c.cpp ****     asm volatile(
  68              		.loc 1 24 5
  25:src/syscall_c.cpp ****     "li a0, 2\n"
  26:src/syscall_c.cpp ****     "mv a1, %1\n"
  27:src/syscall_c.cpp ****     "ecall\n"
  28:src/syscall_c.cpp ****     "mv %0, a0\n"
  29:src/syscall_c.cpp ****     : "=r"(status)
  30:src/syscall_c.cpp ****     : "r"(at)
  31:src/syscall_c.cpp ****     : "a0", "a1"
  32:src/syscall_c.cpp ****     );
  69              		.loc 1 32 6 is_stmt 0
  70              	#APP
  71              	# 32 "src/syscall_c.cpp" 1
  33 0048 93850700 	    
  34 004c 73000000 	    return status;
  35 0050 93070500 	}...
  72              		li a0, 2
  73              	mv a1, a5
  74              	ecall
  75              	mv a5, a0
  76              	
  77              	# 0 "" 2
  78              	.LVL4:
  34:src/syscall_c.cpp ****     return status;
  79              		.loc 1 34 5 is_stmt 1
GAS LISTING /tmp/ccld18zZ.s 			page 3


  80              		.loc 1 35 1 is_stmt 0
  81              	#NO_APP
  82 0054 1B850700 		sext.w	a0,a5
  83 0058 03348100 		ld	s0,8(sp)
  84              		.cfi_restore 8
  85              		.cfi_def_cfa 2, 16
  86 005c 13010101 		addi	sp,sp,16
  87              		.cfi_def_cfa_offset 0
  88 0060 67800000 		jr	ra
  89              		.cfi_endproc
  90              	.LFE1:
  92              	.Letext0:
  93              		.file 2 "src/../h/../lib/hw.h"
GAS LISTING /tmp/ccld18zZ.s 			page 4


DEFINED SYMBOLS
                            *ABS*:0000000000000000 syscall_c.cpp
     /tmp/ccld18zZ.s:9      .text:0000000000000000 _Z9mem_allocm
     /tmp/ccld18zZ.s:13     .text:0000000000000000 .L0 
     /tmp/ccld18zZ.s:15     .text:0000000000000000 .L0 
     /tmp/ccld18zZ.s:16     .text:0000000000000004 .L0 
     /tmp/ccld18zZ.s:18     .text:0000000000000008 .L0 
     /tmp/ccld18zZ.s:20     .text:000000000000000c .L0 
     /tmp/ccld18zZ.s:22     .text:000000000000000c .L0 
     /tmp/ccld18zZ.s:23     .text:000000000000000c .L0 
     /tmp/ccld18zZ.s:25     .text:0000000000000010 .L0 
     /tmp/ccld18zZ.s:28     .text:0000000000000014 .L0 
     /tmp/ccld18zZ.s:29     .text:0000000000000014 .L0 
   src/syscall_c.cpp:16     .text:0000000000000014 .L0 
     /tmp/ccld18zZ.s:40     .text:0000000000000024 .L0 
     /tmp/ccld18zZ.s:42     .text:0000000000000024 .L0 
     /tmp/ccld18zZ.s:44     .text:000000000000002c .L0 
     /tmp/ccld18zZ.s:45     .text:000000000000002c .L0 
     /tmp/ccld18zZ.s:47     .text:0000000000000030 .L0 
     /tmp/ccld18zZ.s:49     .text:0000000000000034 .L0 
     /tmp/ccld18zZ.s:55     .text:0000000000000034 _Z8mem_freePv
     /tmp/ccld18zZ.s:58     .text:0000000000000034 .L0 
     /tmp/ccld18zZ.s:60     .text:0000000000000034 .L0 
     /tmp/ccld18zZ.s:61     .text:0000000000000038 .L0 
     /tmp/ccld18zZ.s:63     .text:000000000000003c .L0 
     /tmp/ccld18zZ.s:65     .text:0000000000000040 .L0 
     /tmp/ccld18zZ.s:68     .text:0000000000000044 .L0 
     /tmp/ccld18zZ.s:69     .text:0000000000000044 .L0 
   src/syscall_c.cpp:32     .text:0000000000000044 .L0 
     /tmp/ccld18zZ.s:80     .text:0000000000000054 .L0 
     /tmp/ccld18zZ.s:82     .text:0000000000000054 .L0 
     /tmp/ccld18zZ.s:84     .text:000000000000005c .L0 
     /tmp/ccld18zZ.s:85     .text:000000000000005c .L0 
     /tmp/ccld18zZ.s:87     .text:0000000000000060 .L0 
     /tmp/ccld18zZ.s:89     .text:0000000000000064 .L0 
     /tmp/ccld18zZ.s:94     .text:0000000000000064 .L0 
     /tmp/ccld18zZ.s:286    .debug_abbrev:0000000000000000 .Ldebug_abbrev0
     /tmp/ccld18zZ.s:654    .debug_str:000000000000014e .LASF21
     /tmp/ccld18zZ.s:642    .debug_str:00000000000000e4 .LASF22
     /tmp/ccld18zZ.s:620    .debug_str:0000000000000031 .LASF23
     /tmp/ccld18zZ.s:5      .text:0000000000000000 .Ltext0
     /tmp/ccld18zZ.s:92     .text:0000000000000064 .Letext0
     /tmp/ccld18zZ.s:610    .debug_line:0000000000000000 .Ldebug_line0
     /tmp/ccld18zZ.s:612    .debug_str:0000000000000000 .LASF0
     /tmp/ccld18zZ.s:652    .debug_str:000000000000013b .LASF1
     /tmp/ccld18zZ.s:638    .debug_str:00000000000000c0 .LASF2
     /tmp/ccld18zZ.s:632    .debug_str:00000000000000a4 .LASF4
     /tmp/ccld18zZ.s:624    .debug_str:0000000000000068 .LASF3
     /tmp/ccld18zZ.s:618    .debug_str:000000000000002a .LASF5
     /tmp/ccld18zZ.s:630    .debug_str:0000000000000091 .LASF6
     /tmp/ccld18zZ.s:650    .debug_str:0000000000000128 .LASF7
     /tmp/ccld18zZ.s:660    .debug_str:000000000000022e .LASF8
     /tmp/ccld18zZ.s:614    .debug_str:000000000000000d .LASF9
     /tmp/ccld18zZ.s:616    .debug_str:000000000000001b .LASF10
     /tmp/ccld18zZ.s:656    .debug_str:0000000000000212 .LASF11
     /tmp/ccld18zZ.s:628    .debug_str:0000000000000081 .LASF12
     /tmp/ccld18zZ.s:664    .debug_str:0000000000000248 .LASF13
GAS LISTING /tmp/ccld18zZ.s 			page 5


     /tmp/ccld18zZ.s:636    .debug_str:00000000000000b4 .LASF14
     /tmp/ccld18zZ.s:646    .debug_str:0000000000000104 .LASF15
     /tmp/ccld18zZ.s:640    .debug_str:00000000000000ce .LASF16
     /tmp/ccld18zZ.s:634    .debug_str:00000000000000ab .LASF24
     /tmp/ccld18zZ.s:644    .debug_str:00000000000000f6 .LASF25
     /tmp/ccld18zZ.s:56     .text:0000000000000034 .LFB1
     /tmp/ccld18zZ.s:90     .text:0000000000000064 .LFE1
     /tmp/ccld18zZ.s:551    .debug_loc:0000000000000000 .LLST2
     /tmp/ccld18zZ.s:622    .debug_str:0000000000000061 .LASF17
     /tmp/ccld18zZ.s:662    .debug_str:000000000000023e .LASF26
     /tmp/ccld18zZ.s:648    .debug_str:000000000000011a .LASF27
     /tmp/ccld18zZ.s:10     .text:0000000000000000 .LFB0
     /tmp/ccld18zZ.s:50     .text:0000000000000034 .LFE0
     /tmp/ccld18zZ.s:666    .debug_str:0000000000000258 .LASF18
     /tmp/ccld18zZ.s:565    .debug_loc:0000000000000039 .LLST0
     /tmp/ccld18zZ.s:658    .debug_str:0000000000000221 .LASF19
     /tmp/ccld18zZ.s:579    .debug_loc:0000000000000072 .LLST1
     /tmp/ccld18zZ.s:626    .debug_str:000000000000007a .LASF20
     /tmp/ccld18zZ.s:59     .text:0000000000000034 .LVL3
     /tmp/ccld18zZ.s:78     .text:0000000000000054 .LVL4
     /tmp/ccld18zZ.s:14     .text:0000000000000000 .LVL0
     /tmp/ccld18zZ.s:38     .text:0000000000000024 .LVL2
     /tmp/ccld18zZ.s:26     .text:0000000000000014 .LVL1
     /tmp/ccld18zZ.s:95     .debug_info:0000000000000000 .Ldebug_info0

NO UNDEFINED SYMBOLS
